// Vitest Snapshot v1, https://vitest.dev/guide/snapshot.html

exports[`findFill and writeFill on one layer > writes what the fill wrote before on pixels cut from a sheet, inside a closed shape clear of the cut 1`] = `
".................
..#############..
..#00000000000#..
..#00000000000#..
..#00RRRRRRR00#..
..#00RRRRRRR00#..
..#00RRRRRRR00#..
..#00000000000#..
..#00000000000#..
..#############..
.................
0: 85,18,27,255"
`;

exports[`findFill and writeFill on one layer > writes what the fill wrote before on pixels cut from a sheet, inside a frame, in a square too small for it 1`] = `"past"`;

exports[`findFill and writeFill on one layer > writes what the fill wrote before on pixels cut from a sheet, inside a frame, in the square that holds it 1`] = `
"..e..ee.......#...........e.......................#..............
.....e....e......................................#.....e.........
#...................e........e...................................
..e........e..#.....................#e....#..........e......e....
..............e...........e......................................
............e........e..........................e................
......#................................e.........................
.................................................................
...............................e...#........e..#.....e......e....
...............e..............e............ee....................
......#...............................e..........................
................e................................................
.......###################################################.e#....
.......#RRRRRRRRRRRRRRRRRRRRRRRRRRRRRR0RRRRRRRRRRRRRRRRRR#.....#.
.......#RRRRR0RRRRRRRRRR#RRRRRRRRRRRRRRRRRRRRRR0RRRRRRRRR#..e....
#.....##RRRRRRRRRRRRRR0RRRRRR0R0RRRR0RRRRR0RRRRRR0RRRRRRR#.......
.......#RRRRRRRR#RRRRRRRRRRRRRRRRRRRRRRR0R#RRRRRR0RRRRRRR#.e.....
.......#RRRRRRRRRRRRRR#RRRRRRRRRRRR#RRRRR#RRRRRRRRRRRRRRR#.......
.......#RRRRRRRRRRRRRRRRRRRRRRRRRRRRRRRRRRRRRR0RRRRRRRRRR#.....e.
#......#RRRRRRR0RRRRRRR#RRRRRRRRRRRRRR0RRRRRRRRRRRRRRRRRR#.......
....e..#RRRR#RRRRRRRRRRRRRRRRRR0RRRRRRR0RR0RRRRRRRRRRRRRR#.......
.......#RRRRRRRRRRRRRRRRRRRRRRRRRRRRRRRRRRRRR#RRRRRRRRRRR#.......
.......#RRRRRRRRRRRRRR0RRRRRRRRRRRRRRRRRRRRRRRRRRRRR0RRRR#.......
.......#0RRRRRRRRRRRRRRRRRRRRRRRR0RRRRRRRRRRRRRRRRR#R0RRR#e......
.e.....#RRRRRRRRRRRRRRRRRRRRRRRRRRRRRRRRRRRRRR0RRRRRRRRRR#e......
.......##RRRRR0RRRRRRR0RRRRR0RRRRRRRRRRRRRR0RRRRRRRRRRRRR#.......
.......#RRRRRRRRRRR0RRRRRRRRRRRRRRRRR#RRR#RRRRRRRRRRRRRRR#......e
.......#RRRRRR#RRRRRRRRRRRRRRRRRRRRRRRRRRRRRRRRRRRRRRRRRR#.......
e......#RRRRRRRRRRRRRRR0RRRRRRR#RRRRRRRRRRRRRRRRRRRRRRRRR#.......
.......#RR0RRR#RRR#RRRRRRRRRRRRRRRRRR0RRRRRR#RRRRRR0RRRRR#.......
...e...#RRRRRRRRRRRRRRRRRRRRRRRRRRRRRRRRRRRRRRRRRRRRRRRRR#.......
.......#RRRRRRRRRRR0RRRR0RRRRRRRRRRRRRRRRRRRRRRRRRRRRRRRR#.......
..ee...#RRRRRRRRRRRRRRRRRRRRRRRRRRRRRRRRRRRRRRRRRRRRRRRRR#.......
.......#RRR0RR0RRRRRRRRRRRRRRRRRRRRRRR0R0RR0RRRRRRRRRRR#R#.......
....#..#RRRRRRRRRRRRR#RRRRRRRRRRRR#RRRRRRRR0RRRRR0RRRRRRR#.......
.......#RRRRR0RRRRRRRRRRRRRRRRRRRRRRRRRRR0RRRRRRRRRRRRRRR#e......
.......#RRRRRRRRRRRRRRRR0RRRR0RRRRRRRR#RRRR#RR0RRRRRRRRRR#...ee..
.......#RRRRRRRRRRRR#RRRRRRRRRRRRRRRRR0RRRRRRRR#RRRRRRRRR#......e
.......#RRRRRRRR#RRRRRRRRRRR0RRRRRRRRRRRRRRRRRRRRRRRRRRR###......
#......#RRRRRRRRRRRRRRRRRRRRRRR0RRRRRRRRRRRRRRRRRRR0RRRRR#.......
.......#R0RRRRRRRRRRRRRRRRRRRRRRRRRRRRRRRRRRRRRRRRR#R0RRR#e......
.......#RRRRRR0RRR0#RRRRRRRRRRRRR#RRRRRRRRRRRRR#RRRRRRRRR#.e#....
.......#RRRRRRRRRRRRRRRRR#RRRRRRRRRRRRRRRRRRRRRRRRRRRRRRR#.......
.......#RRRR#RRRRRRRRRRRR0RRRR0RRRRRRRRRRRRRRRRRRRRRRRRRR#.......
.......#RRRRRRRRRRR0RRRRRRRRRRRRRRRRRRRRRRRRRRRRRRRRRRRRR#e.ee...
.......#R0R#.0RRRRRRRRRRRRRRRRRRRRRRRRRRRRR0RRRRRRRRRRRRR#.......
...e...#.....RRRRRRRRRRRRRRRRRRRRRRRRRRR#RRRRRR#RRRRR0RRR#.......
.......#.....RRRRRRRRRR0RRRRRRRRRRRRR#RRRR#RRRR#RRRR0RRRR#.......
.......#.....0RRRRRRRRRRRRRRRRRRRRRRRRRRRRRRRRRRR#RRRRRRR#.#.....
..e....#.....RRRRRRRRRRRRRRRRRRRRR0RRRRRRRRRRRRRRRR#RRRR##.......
.......#....#RRRR#RRRRRRRRRRRRRRRRRRRRRRRRRRRRRRRRRRRR#RR#....e#.
.......#.....R0RRRRRRRRRRRRRRRR0RR0RRRRRRRRRRRRRRRRRRRR#R#.....e.
..#....###################################################.......
...e#...................#..........#........e......e........e....
......e......................................e...................
...#..............................#.e......................e.....
........e................e.............................e.........
............................................#....................
...........e.........e.........................e......#..e......e
.....#........................................e..................
....e............................................................
....................e.......#.....................e..............
.....................#.....#.............e.......#...............
...........................e.....................................
............e....................................................
0: 85,18,27,255"
`;

exports[`findFill and writeFill on one layer > writes what the fill wrote before on pixels cut from a sheet, on open paper that reaches the cut 1`] = `"past"`;

exports[`findFill and writeFill on one layer > writes what the fill wrote before, in a closed loop with no room as wide as the gap 1`] = `
"..........
..#####...
..#RRR#...
..#RRR#...
..#####...
.........."
`;

exports[`findFill and writeFill on one layer > writes what the fill wrote before, in a closed shape's sharp corners 1`] = `
"..................
.################.
..#RRRRRRRRRRRRR#.
...#RRRRRRRRRRRR#.
....#RRRRRRRRRRR#.
.....#RRRRRRRRRR#.
......#RRRRRRRRR#.
.......#RRRRRRRR#.
........#RRRRRRR#.
.........#RRRRRR#.
..........#RRRRR#.
...........#RRRR#.
............#RRR#.
.............#RR#.
..............#R#.
...............##.
.................."
`;

exports[`findFill and writeFill on one layer > writes what the fill wrote before, in a shape whose opening it closes 1`] = `
"....................
....................
..###########.......
..#RRRRRRRRR#.......
..#RRRRRRRRR#.......
..#RRRRRRRRR#.......
..#RRRRRRRRR#.......
..####RR#####.......
....................
....................
....................
....................
...................."
`;

exports[`findFill and writeFill on one layer > writes what the fill wrote before, in that shape's opening 1`] = `
"....................
....................
..###########.......
..#RRRRRRRRR#.......
..#RRRRRRRRR#.......
..#RRRRRRRRR#.......
..#RRRRRRRRR#.......
..####RR#####.......
....................
....................
....................
....................
...................."
`;

exports[`findFill and writeFill on one layer > writes what the fill wrote before, on open paper 1`] = `
"RRRRRRRRRRRRRRRRRRRRRRRRRRR
RR#############RRRRRRRRRRRR
RR#eeeeeeeeeee#RRRRRRRRRRRR
RR#eeeeeeeeeee#RRRRoooooRRR
RR#ee.......ee#RRRRopooqRRR
RR#ee...f...ee#RRRRoooooRRR
RR#ee.......ee#RRRRRRRRRRRR
RR#eeeeeeeeeee#RRRRRRRRRRRR
RR#eeeeeeeeeee#RRRRRRRRRRRR
RR#############RRRRRRRRRRRR
RRRRRRRRRRRRRRRRRRRRRRRRRRR"
`;

exports[`findFill and writeFill on one layer > writes what the fill wrote before, on paper inside a closed shape 1`] = `
"...........................
..#############............
..#00000000000#............
..#00000000000#....ooooo...
..#00RRRRRRR00#....opooq...
..#00RRRRRRR00#....ooooo...
..#00RRRRRRR00#............
..#00000000000#............
..#00000000000#............
..#############............
...........................
0: 85,18,27,255"
`;

exports[`findFill and writeFill on one layer > writes what the fill wrote before, on paper inside a closed shape, closing gaps 1`] = `
"...........................
..#############............
..#00000000000#............
..#00000000000#....ooooo...
..#00RRRRRRR00#....opooq...
..#00RRRRRRR00#....ooooo...
..#00RRRRRRR00#............
..#00000000000#............
..#00000000000#............
..#############............
...........................
0: 85,18,27,255"
`;

exports[`findFill and writeFill on one layer > writes what the fill wrote before, out through an opening wider than the gap 1`] = `
"RRRRRRRRRRRRRRRRRRRR
RRRRRRRRRRRRRRRRRRRR
RR###########RRRRRRR
RR#RRRRRRRRR#RRRRRRR
RR#RRRRRRRRR#RRRRRRR
RR#RRRRRRRRR#RRRRRRR
RR#RRRRRRRRR#RRRRRRR
RR####RRR####RRRRRRR
RRRRRRRRRRRRRRRRRRRR
RRRRRRRRRRRRRRRRRRRR
RRRRRRRRRRRRRRRRRRRR
RRRRRRRRRRRRRRRRRRRR
RRRRRRRRRRRRRRRRRRRR"
`;

exports[`findFill and writeFill on one layer > writes what the fill wrote before, recoloring a color joined narrower than the gap 1`] = `
"...............
.RRRRR...RRRRR.
.RRRRR...RRRRR.
.RRRRRRRRRRRRR.
.RRRRR...RRRRR.
.RRRRR...RRRRR.
..............."
`;

exports[`findFill and writeFill on one layer > writes what the fill wrote before, recoloring a patch 1`] = `
"...........................
..#############............
..#eeeeeeeeeee#............
..#eeeeeeeeeee#....RRRRR...
..#ee.......ee#....RRRRq...
..#ee...f...ee#....RRRRR...
..#ee.......ee#............
..#eeeeeeeeeee#............
..#eeeeeeeeeee#............
..#############............
..........................."
`;

exports[`findFill and writeFill on one layer > writes what the fill wrote before, recoloring a soft stroke 1`] = `
"...........
...FEREF...
...........
...fe#ef...
..........."
`;
